Java HotSpot(TM) 64-Bit Server VM (25.92-b14) for bsd-amd64 JRE (1.8.0_92-b14), built on Mar 31 2016 21:23:14 by "java_re" with gcc 4.2.1 (Based on Apple Inc. build 5658) (LLVM build 2336.11.00)
Memory: 4k page, physical 8388608k(119868k free)

/proc/meminfo:

CommandLine flags: -XX:+DisableExplicitGC -XX:InitialHeapSize=1073741824 -XX:InitiatingHeapOccupancyPercent=35 -XX:+ManagementServer -XX:MaxGCPauseMillis=20 -XX:MaxHeapSize=1073741824 -XX:+PrintGC -XX:+PrintGCDateStamps -XX:+PrintGCDetails -XX:+PrintGCTimeStamps -XX:+UseCompressedClassPointers -XX:+UseCompressedOops -XX:+UseG1GC 
2016-08-06T14:41:38.269-0900: 0.914: [GC pause (G1 Evacuation Pause) (young), 0.0101856 secs]
   [Parallel Time: 5.2 ms, GC Workers: 4]
      [GC Worker Start (ms): Min: 914.1, Avg: 914.1, Max: 914.2, Diff: 0.0]
      [Ext Root Scanning (ms): Min: 0.6, Avg: 1.1, Max: 2.0, Diff: 1.4, Sum: 4.6]
      [Update RS (ms): Min: 0.0, Avg: 0.0, Max: 0.0, Diff: 0.0, Sum: 0.0]
         [Processed Buffers: Min: 0, Avg: 0.0, Max: 0, Diff: 0, Sum: 0]
      [Scan RS (ms): Min: 0.0, Avg: 0.0, Max: 0.0, Diff: 0.0, Sum: 0.0]
      [Code Root Scanning (ms): Min: 0.0, Avg: 0.2, Max: 0.4, Diff: 0.4, Sum: 0.8]
      [Object Copy (ms): Min: 3.0, Avg: 3.7, Max: 4.2, Diff: 1.2, Sum: 14.8]
      [Termination (ms): Min: 0.0, Avg: 0.0, Max: 0.1, Diff: 0.1, Sum: 0.2]
         [Termination Attempts: Min: 2, Avg: 5.5, Max: 11, Diff: 9, Sum: 22]
      [GC Worker Other (ms): Min: 0.0, Avg: 0.0, Max: 0.0, Diff: 0.0, Sum: 0.1]
      [GC Worker Total (ms): Min: 5.1, Avg: 5.1, Max: 5.1, Diff: 0.0, Sum: 20.4]
      [GC Worker End (ms): Min: 919.2, Avg: 919.2, Max: 919.2, Diff: 0.0]
   [Code Root Fixup: 0.1 ms]
   [Code Root Purge: 0.0 ms]
   [Clear CT: 0.1 ms]
   [Other: 4.7 ms]
      [Choose CSet: 0.0 ms]
      [Ref Proc: 4.3 ms]
      [Ref Enq: 0.0 ms]
      [Redirty Cards: 0.0 ms]
      [Humongous Register: 0.1 ms]
      [Humongous Reclaim: 0.0 ms]
      [Free CSet: 0.1 ms]
   [Eden: 51.0M(51.0M)->0.0B(44.0M) Survivors: 0.0B->7168.0K Heap: 51.0M(1024.0M)->7954.5K(1024.0M)]
 [Times: user=0.02 sys=0.01, real=0.01 secs] 
2016-08-06T14:44:35.792-0900: 178.432: [GC pause (G1 Evacuation Pause) (young), 0.0114011 secs]
   [Parallel Time: 8.5 ms, GC Workers: 4]
      [GC Worker Start (ms): Min: 178432.0, Avg: 178432.0, Max: 178432.1, Diff: 0.1]
      [Ext Root Scanning (ms): Min: 1.7, Avg: 2.4, Max: 2.9, Diff: 1.2, Sum: 9.8]
      [Update RS (ms): Min: 0.0, Avg: 0.1, Max: 0.3, Diff: 0.3, Sum: 0.3]
         [Processed Buffers: Min: 0, Avg: 0.2, Max: 1, Diff: 1, Sum: 1]
      [Scan RS (ms): Min: 0.0, Avg: 0.0, Max: 0.0, Diff: 0.0, Sum: 0.0]
      [Code Root Scanning (ms): Min: 0.0, Avg: 0.8, Max: 1.7, Diff: 1.7, Sum: 3.3]
      [Object Copy (ms): Min: 4.0, Avg: 5.0, Max: 6.7, Diff: 2.7, Sum: 20.1]
      [Termination (ms): Min: 0.0, Avg: 0.0, Max: 0.0, Diff: 0.0, Sum: 0.0]
         [Termination Attempts: Min: 1, Avg: 5.2, Max: 7, Diff: 6, Sum: 21]
      [GC Worker Other (ms): Min: 0.0, Avg: 0.0, Max: 0.0, Diff: 0.0, Sum: 0.1]
      [GC Worker Total (ms): Min: 8.3, Avg: 8.4, Max: 8.4, Diff: 0.1, Sum: 33.6]
      [GC Worker End (ms): Min: 178440.4, Avg: 178440.4, Max: 178440.4, Diff: 0.0]
   [Code Root Fixup: 0.5 ms]
   [Code Root Purge: 0.0 ms]
   [Clear CT: 0.1 ms]
   [Other: 2.3 ms]
      [Choose CSet: 0.0 ms]
      [Ref Proc: 1.8 ms]
      [Ref Enq: 0.0 ms]
      [Redirty Cards: 0.1 ms]
      [Humongous Register: 0.1 ms]
      [Humongous Reclaim: 0.0 ms]
      [Free CSet: 0.1 ms]
   [Eden: 44.0M(44.0M)->0.0B(44.0M) Survivors: 7168.0K->7168.0K Heap: 179.8M(1024.0M)->137.2M(1024.0M)]
 [Times: user=0.02 sys=0.01, real=0.01 secs] 
2016-08-06T14:47:08.147-0900: 330.783: [GC pause (Metadata GC Threshold) (young) (initial-mark), 0.0204448 secs]
   [Parallel Time: 19.2 ms, GC Workers: 4]
      [GC Worker Start (ms): Min: 330782.6, Avg: 330785.0, Max: 330785.9, Diff: 3.2]
      [Ext Root Scanning (ms): Min: 0.1, Avg: 1.0, Max: 2.5, Diff: 2.4, Sum: 4.0]
      [Update RS (ms): Min: 0.0, Avg: 0.1, Max: 0.3, Diff: 0.3, Sum: 0.5]
         [Processed Buffers: Min: 0, Avg: 0.8, Max: 2, Diff: 2, Sum: 3]
      [Scan RS (ms): Min: 0.0, Avg: 0.0, Max: 0.0, Diff: 0.0, Sum: 0.0]
      [Code Root Scanning (ms): Min: 0.0, Avg: 3.6, Max: 12.3, Diff: 12.3, Sum: 14.4]
      [Object Copy (ms): Min: 2.7, Avg: 11.7, Max: 14.8, Diff: 12.1, Sum: 46.6]
      [Termination (ms): Min: 0.0, Avg: 0.2, Max: 0.4, Diff: 0.4, Sum: 0.8]
         [Termination Attempts: Min: 1, Avg: 4.8, Max: 11, Diff: 10, Sum: 19]
      [GC Worker Other (ms): Min: 0.0, Avg: 0.0, Max: 0.0, Diff: 0.0, Sum: 0.0]
      [GC Worker Total (ms): Min: 15.6, Avg: 16.6, Max: 18.9, Diff: 3.2, Sum: 66.3]
      [GC Worker End (ms): Min: 330801.5, Avg: 330801.6, Max: 330801.8, Diff: 0.3]
   [Code Root Fixup: 0.5 ms]
   [Code Root Purge: 0.0 ms]
   [Clear CT: 0.0 ms]
   [Other: 0.7 ms]
      [Choose CSet: 0.0 ms]
      [Ref Proc: 0.3 ms]
      [Ref Enq: 0.0 ms]
      [Redirty Cards: 0.1 ms]
      [Humongous Register: 0.0 ms]
      [Humongous Reclaim: 0.0 ms]
      [Free CSet: 0.2 ms]
   [Eden: 12.0M(44.0M)->0.0B(47.0M) Survivors: 7168.0K->4096.0K Heap: 148.4M(1024.0M)->136.7M(1024.0M)]
 [Times: user=0.02 sys=0.00, real=0.02 secs] 
2016-08-06T14:47:08.168-0900: 330.803: [GC concurrent-root-region-scan-start]
2016-08-06T14:47:08.172-0900: 330.807: [GC concurrent-root-region-scan-end, 0.0038795 secs]
2016-08-06T14:47:08.172-0900: 330.807: [GC concurrent-mark-start]
2016-08-06T14:47:08.177-0900: 330.812: [GC concurrent-mark-end, 0.0050739 secs]
2016-08-06T14:47:08.177-0900: 330.813: [GC remark 2016-08-06T14:47:08.177-0900: 330.813: [Finalize Marking, 0.0001903 secs] 2016-08-06T14:47:08.177-0900: 330.813: [GC ref-proc, 0.0000519 secs] 2016-08-06T14:47:08.177-0900: 330.813: [Unloading, 0.0075070 secs], 0.0089453 secs]
 [Times: user=0.01 sys=0.00, real=0.01 secs] 
2016-08-06T14:47:08.186-0900: 330.822: [GC cleanup 137M->135M(1024M), 0.0008703 secs]
 [Times: user=0.01 sys=0.00, real=0.00 secs] 
2016-08-06T14:47:08.187-0900: 330.823: [GC concurrent-cleanup-start]
2016-08-06T14:47:08.187-0900: 330.823: [GC concurrent-cleanup-end, 0.0000145 secs]
2016-08-06T14:55:28.740-0900: 831.361: [GC pause (G1 Evacuation Pause) (young), 0.0062141 secs]
   [Parallel Time: 4.1 ms, GC Workers: 4]
      [GC Worker Start (ms): Min: 831361.0, Avg: 831361.0, Max: 831361.0, Diff: 0.0]
      [Ext Root Scanning (ms): Min: 0.4, Avg: 0.5, Max: 0.9, Diff: 0.5, Sum: 2.0]
      [Update RS (ms): Min: 0.0, Avg: 0.1, Max: 0.3, Diff: 0.3, Sum: 0.4]
         [Processed Buffers: Min: 0, Avg: 4.2, Max: 7, Diff: 7, Sum: 17]
      [Scan RS (ms): Min: 0.2, Avg: 0.3, Max: 0.4, Diff: 0.2, Sum: 1.3]
      [Code Root Scanning (ms): Min: 0.0, Avg: 0.2, Max: 0.6, Diff: 0.6, Sum: 1.0]
      [Object Copy (ms): Min: 2.3, Avg: 2.8, Max: 3.0, Diff: 0.7, Sum: 11.2]
      [Termination (ms): Min: 0.0, Avg: 0.0, Max: 0.0, Diff: 0.0, Sum: 0.0]
         [Termination Attempts: Min: 1, Avg: 1.0, Max: 1, Diff: 0, Sum: 4]
      [GC Worker Other (ms): Min: 0.0, Avg: 0.0, Max: 0.0, Diff: 0.0, Sum: 0.1]
      [GC Worker Total (ms): Min: 4.0, Avg: 4.0, Max: 4.0, Diff: 0.0, Sum: 16.1]
      [GC Worker End (ms): Min: 831365.0, Avg: 831365.0, Max: 831365.0, Diff: 0.0]
   [Code Root Fixup: 0.3 ms]
   [Code Root Purge: 0.0 ms]
   [Clear CT: 0.1 ms]
   [Other: 1.8 ms]
      [Choose CSet: 0.0 ms]
      [Ref Proc: 1.4 ms]
      [Ref Enq: 0.0 ms]
      [Redirty Cards: 0.0 ms]
      [Humongous Register: 0.0 ms]
      [Humongous Reclaim: 0.0 ms]
      [Free CSet: 0.1 ms]
   [Eden: 47.0M(47.0M)->0.0B(45.0M) Survivors: 4096.0K->6144.0K Heap: 181.7M(1024.0M)->137.2M(1024.0M)]
 [Times: user=0.01 sys=0.01, real=0.00 secs] 
Heap
 garbage-first heap   total 1048576K, used 141540K [0x0000000780000000, 0x0000000780102000, 0x00000007c0000000)
  region size 1024K, 8 young (8192K), 6 survivors (6144K)
 Metaspace       used 22721K, capacity 22944K, committed 23040K, reserved 1069056K
  class space    used 3244K, capacity 3300K, committed 3328K, reserved 1048576K
